
/home/runner/work/exp-multiplexer-using-basic-logic-gates-iitb/exp-multiplexer-using-basic-logic-gates-iitb/experiment/simulation/JS 2/front_page.js
    1:22  warning  'DrawORGate' is defined but never used    no-unused-vars
    3:17  warning  'CONTEXT1' is not defined                 no-undef
    3:42  warning  'CANVAS1' is not defined                  no-undef
    3:57  warning  'CANVAS1' is not defined                  no-undef
    4:17  warning  'selectedAnswer' is not defined           no-undef
    6:25  warning  'startX' is not defined                   no-undef
    7:25  warning  'startY' is not defined                   no-undef
   70:22  warning  'DrawANDGate' is defined but never used   no-unused-vars
   72:17  warning  'CONTEXT1' is not defined                 no-undef
   72:42  warning  'CANVAS1' is not defined                  no-undef
   72:57  warning  'CANVAS1' is not defined                  no-undef
   73:17  warning  'selectedAnswer' is not defined           no-undef
   75:25  warning  'startX' is not defined                   no-undef
   76:25  warning  'startY' is not defined                   no-undef
  143:22  warning  'DrawNOTGate' is defined but never used   no-unused-vars
  145:17  warning  'CONTEXT1' is not defined                 no-undef
  145:42  warning  'CANVAS1' is not defined                  no-undef
  145:57  warning  'CANVAS1' is not defined                  no-undef
  146:17  warning  'selectedAnswer' is not defined           no-undef
  148:23  warning  'startX' is not defined                   no-undef
  149:23  warning  'startY' is not defined                   no-undef
  196:22  warning  'DrawNORGate' is defined but never used   no-unused-vars
  198:17  warning  'CONTEXT1' is not defined                 no-undef
  198:42  warning  'CANVAS1' is not defined                  no-undef
  198:57  warning  'CANVAS1' is not defined                  no-undef
  199:17  warning  'selectedAnswer' is not defined           no-undef
  201:25  warning  'startX' is not defined                   no-undef
  202:25  warning  'startY' is not defined                   no-undef
  268:22  warning  'DrawNANDGate' is defined but never used  no-unused-vars
  270:17  warning  'CONTEXT1' is not defined                 no-undef
  270:42  warning  'CANVAS1' is not defined                  no-undef
  270:57  warning  'CANVAS1' is not defined                  no-undef
  271:17  warning  'selectedAnswer' is not defined           no-undef
  273:25  warning  'startX' is not defined                   no-undef
  274:25  warning  'startY' is not defined                   no-undef
  344:22  warning  'DrawXORGate' is defined but never used   no-unused-vars
  346:17  warning  'CONTEXT1' is not defined                 no-undef
  346:42  warning  'CANVAS1' is not defined                  no-undef
  346:57  warning  'CANVAS1' is not defined                  no-undef
  347:17  warning  'selectedAnswer' is not defined           no-undef
  349:25  warning  'startX' is not defined                   no-undef
  350:25  warning  'startY' is not defined                   no-undef

/home/runner/work/exp-multiplexer-using-basic-logic-gates-iitb/exp-multiplexer-using-basic-logic-gates-iitb/experiment/simulation/JS 2/gates.js
   220:29  warning  Empty block statement                                            no-empty
   441:13  warning  Expected a conditional expression and instead saw an assignment  no-cond-assign
   441:13  warning  Unexpected constant condition                                    no-constant-condition
   735:29  warning  Empty block statement                                            no-empty
   770:29  warning  Empty block statement                                            no-empty
   923:32  warning  Unnecessary semicolon                                            no-extra-semi
   932:29  warning  Empty block statement                                            no-empty
   963:29  warning  Empty block statement                                            no-empty
  1129:29  warning  Empty block statement                                            no-empty
  1159:29  warning  Empty block statement                                            no-empty
  1319:29  warning  Empty block statement                                            no-empty
  1351:29  warning  Empty block statement                                            no-empty
  1516:29  warning  Empty block statement                                            no-empty
  1548:29  warning  Empty block statement                                            no-empty
  1712:29  warning  Empty block statement                                            no-empty
  1742:29  warning  Empty block statement                                            no-empty
  1910:29  warning  Empty block statement                                            no-empty
  1940:29  warning  Empty block statement                                            no-empty
  2103:29  warning  Empty block statement                                            no-empty
  2133:29  warning  Empty block statement                                            no-empty
  2307:13  warning  Expected a conditional expression and instead saw an assignment  no-cond-assign
  2307:13  warning  Unexpected constant condition                                    no-constant-condition
  2373:29  warning  Empty block statement                                            no-empty
  2403:29  warning  Empty block statement                                            no-empty
  2436:30  warning  Empty block statement                                            no-empty
  2467:30  warning  Empty block statement                                            no-empty

/home/runner/work/exp-multiplexer-using-basic-logic-gates-iitb/exp-multiplexer-using-basic-logic-gates-iitb/experiment/simulation/JS 2/genE1.1.js
    1:10  warning  'writeMessage' is defined but never used      no-unused-vars
   38:9   warning  'message' is assigned a value but never used  no-unused-vars
   42:10  warning  'mouseevt' is defined but never used          no-unused-vars
   48:26  warning  'orgate' is not defined                       no-undef
   61:26  warning  'andgate' is not defined                      no-undef
   74:17  warning  'a1' is already defined                       no-redeclare
   74:26  warning  'notgate' is not defined                      no-undef
   86:17  warning  'a1' is already defined                       no-redeclare
   86:26  warning  'norgate' is not defined                      no-undef
   94:17  warning  'a1' is already defined                       no-redeclare
   94:26  warning  'xorgate' is not defined                      no-undef
  101:17  warning  'a1' is already defined                       no-redeclare
  101:26  warning  'nandgate' is not defined                     no-undef
  108:17  warning  'a1' is already defined                       no-redeclare
  108:26  warning  'divgate' is not defined                      no-undef
  120:17  warning  'a1' is already defined                       no-redeclare
  120:26  warning  'bulb' is not defined                         no-undef
  132:17  warning  'a1' is already defined                       no-redeclare
  132:26  warning  'dbulb' is not defined                        no-undef
  139:17  warning  'a1' is already defined                       no-redeclare
  139:26  warning  'bulbred' is not defined                      no-undef
  146:17  warning  'a1' is already defined                       no-redeclare
  146:26  warning  'bulbrg' is not defined                       no-undef
  153:17  warning  'a1' is already defined                       no-redeclare
  153:26  warning  'outgate' is not defined                      no-undef
  166:17  warning  'a1' is already defined                       no-redeclare
  166:26  warning  'and3gate' is not defined                     no-undef
  179:18  warning  'i' is not defined                            no-undef
  179:25  warning  'i' is not defined                            no-undef
  179:51  warning  'i' is not defined                            no-undef
  181:44  warning  'i' is not defined                            no-undef
  181:94  warning  'i' is not defined                            no-undef
  183:50  warning  'i' is not defined                            no-undef
  191:18  warning  'i' is not defined                            no-undef
  191:25  warning  'i' is not defined                            no-undef
  191:51  warning  'i' is not defined                            no-undef
  192:44  warning  'i' is not defined                            no-undef
  192:94  warning  'i' is not defined                            no-undef
  194:50  warning  'i' is not defined                            no-undef
  207:18  warning  'i' is not defined                            no-undef
  207:25  warning  'i' is not defined                            no-undef
  207:51  warning  'i' is not defined                            no-undef
  209:44  warning  'i' is not defined                            no-undef
  209:94  warning  'i' is not defined                            no-undef
  211:50  warning  'i' is not defined                            no-undef
  219:18  warning  'i' is not defined                            no-undef
  219:25  warning  'i' is not defined                            no-undef
  219:51  warning  'i' is not defined                            no-undef
  220:44  warning  'i' is not defined                            no-undef
  220:94  warning  'i' is not defined                            no-undef
  222:50  warning  'i' is not defined                            no-undef
  235:18  warning  'i' is not defined                            no-undef
  235:25  warning  'i' is not defined                            no-undef
  235:51  warning  'i' is not defined                            no-undef
  237:44  warning  'i' is not defined                            no-undef
  237:94  warning  'i' is not defined                            no-undef
  239:50  warning  'i' is not defined                            no-undef
  247:18  warning  'i' is not defined                            no-undef
  247:25  warning  'i' is not defined                            no-undef
  247:51  warning  'i' is not defined                            no-undef
  248:44  warning  'i' is not defined                            no-undef
  248:94  warning  'i' is not defined                            no-undef
  250:50  warning  'i' is not defined                            no-undef
  263:18  warning  'i' is not defined                            no-undef
  263:25  warning  'i' is not defined                            no-undef
  263:51  warning  'i' is not defined                            no-undef
  265:44  warning  'i' is not defined                            no-undef
  265:94  warning  'i' is not defined                            no-undef
  267:50  warning  'i' is not defined                            no-undef
  275:18  warning  'i' is not defined                            no-undef
  275:25  warning  'i' is not defined                            no-undef
  275:51  warning  'i' is not defined                            no-undef
  276:44  warning  'i' is not defined                            no-undef
  276:94  warning  'i' is not defined                            no-undef
  278:50  warning  'i' is not defined                            no-undef
  291:18  warning  'i' is not defined                            no-undef
  291:25  warning  'i' is not defined                            no-undef
  291:51  warning  'i' is not defined                            no-undef
  293:44  warning  'i' is not defined                            no-undef
  293:94  warning  'i' is not defined                            no-undef
  295:50  warning  'i' is not defined                            no-undef
  303:18  warning  'i' is not defined                            no-undef
  303:25  warning  'i' is not defined                            no-undef
  303:51  warning  'i' is not defined                            no-undef
  304:44  warning  'i' is not defined                            no-undef
  304:94  warning  'i' is not defined                            no-undef
  306:50  warning  'i' is not defined                            no-undef
  319:18  warning  'i' is not defined                            no-undef
  319:25  warning  'i' is not defined                            no-undef
  319:51  warning  'i' is not defined                            no-undef
  321:44  warning  'i' is not defined                            no-undef
  321:94  warning  'i' is not defined                            no-undef
  323:50  warning  'i' is not defined                            no-undef
  331:18  warning  'i' is not defined                            no-undef
  331:25  warning  'i' is not defined                            no-undef
  331:51  warning  'i' is not defined                            no-undef
  332:44  warning  'i' is not defined                            no-undef
  332:94  warning  'i' is not defined                            no-undef
  334:50  warning  'i' is not defined                            no-undef
  348:14  warning  'i' is not defined                            no-undef
  348:21  warning  'i' is not defined                            no-undef
  348:50  warning  'i' is not defined                            no-undef
  349:43  warning  'i' is not defined                            no-undef
  349:96  warning  'i' is not defined                            no-undef
  351:49  warning  'i' is not defined                            no-undef
  366:10  warning  'addorgate' is defined but never used         no-unused-vars
  375:10  warning  'addandgate' is defined but never used        no-unused-vars
  381:10  warning  'addand3gate' is defined but never used       no-unused-vars
  388:10  warning  'addnotgate' is defined but never used        no-unused-vars
  394:10  warning  'addnorgate' is defined but never used        no-unused-vars
  400:10  warning  'addxorgate' is defined but never used        no-unused-vars
  406:10  warning  'addnandgate' is defined but never used       no-unused-vars
  412:10  warning  'adddivgate' is defined but never used        no-unused-vars
  418:10  warning  'addbulbgate' is defined but never used       no-unused-vars
  424:10  warning  'adddbulbgate' is defined but never used      no-unused-vars
  427:10  warning  'addbulredbgate' is defined but never used    no-unused-vars
  433:10  warning  'addbulbrggate' is defined but never used     no-unused-vars
  437:10  warning  'connector1' is defined but never used        no-unused-vars
  446:10  warning  'connector2' is defined but never used        no-unused-vars
  455:10  warning  'connector3' is defined but never used        no-unused-vars
  464:10  warning  'connector4' is defined but never used        no-unused-vars
  473:10  warning  'connector5' is defined but never used        no-unused-vars
  482:10  warning  'connector6' is defined but never used        no-unused-vars
  491:10  warning  'addoutgate' is defined but never used        no-unused-vars
  491:21  warning  'num' is defined but never used               no-unused-vars
  500:10  warning  'i' is not defined                            no-undef
  500:17  warning  'i' is not defined                            no-undef
  500:43  warning  'i' is not defined                            no-undef
  501:32  warning  'i' is not defined                            no-undef
  504:10  warning  'i' is not defined                            no-undef
  504:17  warning  'i' is not defined                            no-undef
  504:38  warning  'i' is not defined                            no-undef
  505:13  warning  'a1' is already defined                       no-redeclare
  505:27  warning  'i' is not defined                            no-undef
  506:27  warning  'i' is not defined                            no-undef
  507:31  warning  'i' is not defined                            no-undef
  508:30  warning  'i' is not defined                            no-undef
  518:10  warning  'startsim1' is defined but never used         no-unused-vars
  521:10  warning  'i' is not defined                            no-undef
  521:17  warning  'i' is not defined                            no-undef
  521:46  warning  'i' is not defined                            no-undef
  524:41  warning  'i' is not defined                            no-undef
  529:10  warning  'stopsim1' is defined but never used          no-unused-vars
  534:10  warning  'reset' is defined but never used             no-unused-vars
  573:10  warning  'undoGate' is defined but never used          no-unused-vars
  633:10  warning  'undoConnection' is defined but never used    no-unused-vars
  648:10  warning  'redoGate' is defined but never used          no-unused-vars
  727:10  warning  'redoConnection' is defined but never used    no-unused-vars

/home/runner/work/exp-multiplexer-using-basic-logic-gates-iitb/exp-multiplexer-using-basic-logic-gates-iitb/experiment/simulation/JS 2/mouseevent.ob.js
  1:255  warning  'writeMessage' is defined but never used       no-unused-vars
  1:684  warning  'canvas' is not defined                        no-undef
  1:760  warning  'canvas' is not defined                        no-undef
  1:781  warning  '_0x106F4' is assigned a value but never used  no-unused-vars
  1:869  warning  'canvas' is not defined                        no-undef
  1:974  warning  'canvas' is not defined                        no-undef
  1:991  warning  'mouseevt' is not defined                      no-undef

/home/runner/work/exp-multiplexer-using-basic-logic-gates-iitb/exp-multiplexer-using-basic-logic-gates-iitb/experiment/simulation/JS 2/outputgate.js
  151:29  warning  Empty block statement  no-empty
  184:29  warning  Empty block statement  no-empty

/home/runner/work/exp-multiplexer-using-basic-logic-gates-iitb/exp-multiplexer-using-basic-logic-gates-iitb/experiment/simulation/common_libraries/js/ts_components/collapse_step.js
   1:10  warning  'show_step' is defined but never used                 no-unused-vars
   2:5   warning  '$' is not defined                                    no-undef
   3:9   warning  '$' is not defined                                    no-undef
   6:10  warning  'hide_step' is defined but never used                 no-unused-vars
   7:5   warning  '$' is not defined                                    no-undef
   8:9   warning  '$' is not defined                                    no-undef
  11:10  warning  'get_collapse_btn_text' is defined but never used     no-unused-vars
  20:10  warning  'get_collapse_btn_element' is defined but never used  no-unused-vars
  29:10  warning  'hide_all_steps' is defined but never used            no-unused-vars
  31:9   warning  '$' is not defined                                    no-undef

/home/runner/work/exp-multiplexer-using-basic-logic-gates-iitb/exp-multiplexer-using-basic-logic-gates-iitb/experiment/simulation/common_libraries/js/ts_components/matrix.js
   27:26  warning  'MathJax' is not defined                                no-undef
   32:7   warning  'Matrix_Without_String' is defined but never used       no-unused-vars
   52:26  warning  'MathJax' is not defined                                no-undef
   56:10  warning  'get_matrix_html' is defined but never used             no-unused-vars
   87:13  warning  'row_html' is assigned a value but never used           no-unused-vars
   99:10  warning  'get_matrix_html_with_title' is defined but never used  no-unused-vars
  131:13  warning  'row_html' is assigned a value but never used           no-unused-vars
  143:10  warning  'convert_2d_to_1d_vector' is defined but never used     no-unused-vars
  156:10  warning  'convert_1d_to_2d_matrix' is defined but never used     no-unused-vars

/home/runner/work/exp-multiplexer-using-basic-logic-gates-iitb/exp-multiplexer-using-basic-logic-gates-iitb/experiment/simulation/common_libraries/js/ts_components/matrix_2d.js
    2:10  warning  'toLatexBMatrix' is defined but never used              no-unused-vars
   29:10  warning  'toLatexDeterminant' is defined but never used          no-unused-vars
   61:10  warning  'renderMatrixInputs' is defined but never used          no-unused-vars
  111:10  warning  'readMatrix2D' is defined but never used                no-unused-vars
  130:10  warning  'verifyMatrix2D' is defined but never used              no-unused-vars
  141:18  warning  'verify_values' is not defined                          no-undef
  148:10  warning  'transposeMatrix' is defined but never used             no-unused-vars
  165:10  warning  'multiplyMatrices' is defined but never used            no-unused-vars
  200:10  warning  'inverseMatrix' is defined but never used               no-unused-vars
  255:10  warning  'determinant' is defined but never used                 no-unused-vars
  305:10  warning  'convertMatrixInputsToSpans' is defined but never used  no-unused-vars

/home/runner/work/exp-multiplexer-using-basic-logic-gates-iitb/exp-multiplexer-using-basic-logic-gates-iitb/experiment/simulation/common_libraries/js/ts_components/pannel.js
  8:7  warning  'Pannel' is defined but never used  no-unused-vars

/home/runner/work/exp-multiplexer-using-basic-logic-gates-iitb/exp-multiplexer-using-basic-logic-gates-iitb/experiment/simulation/common_libraries/js/ts_components/questions.js
   6:17  warning  'op1' is assigned a value but never used      no-unused-vars
   7:17  warning  'op2' is assigned a value but never used      no-unused-vars
   8:17  warning  'op3' is assigned a value but never used      no-unused-vars
   9:17  warning  'op4' is assigned a value but never used      no-unused-vars
  94:7   warning  'Question_Options' is defined but never used  no-unused-vars

/home/runner/work/exp-multiplexer-using-basic-logic-gates-iitb/exp-multiplexer-using-basic-logic-gates-iitb/experiment/simulation/common_libraries/js/ts_components/tables.js
   19:22  warning  'verify_values' is not defined                                     no-undef
  137:22  warning  'verify_values' is not defined                                     no-undef
  260:7   warning  'Verify_Rows_Cols_6_decimal_places' is defined but never used      no-unused-vars
  311:22  warning  'verify_values' is not defined                                     no-undef
  416:7   warning  'Verify_Rows_Cols_Custom_Fixed_Update1' is defined but never used  no-unused-vars
  468:7   warning  'Show_Table_Custom_Fixed' is defined but never used                no-unused-vars
  506:7   warning  'Verify_Rows_Cols_Strings' is defined but never used               no-unused-vars
  527:22  warning  'verify_values' is not defined                                     no-undef
  663:7   warning  'Display_Table' is defined but never used                          no-unused-vars

/home/runner/work/exp-multiplexer-using-basic-logic-gates-iitb/exp-multiplexer-using-basic-logic-gates-iitb/experiment/simulation/common_libraries/js/ts_math_library/general_math_functions.js
    1:10  warning  'verify_values' is defined but never used                   no-unused-vars
   17:10  warning  'random1' is defined but never used                         no-unused-vars
   21:10  warning  'std_deviation' is defined but never used                   no-unused-vars
   26:10  warning  'gauss' is defined but never used                           no-unused-vars
   56:10  warning  'hide_panel' is defined but never used                      no-unused-vars
   63:10  warning  'inverse_matrix' is defined but never used                  no-unused-vars
   96:10  warning  'matrix_multiplication' is defined but never used           no-unused-vars
  113:10  warning  'transpose_matrix' is defined but never used                no-unused-vars
  123:10  warning  'matrix_multiplication_8decimal' is defined but never used  no-unused-vars
  140:10  warning  'adjoint_2x2_matrix' is defined but never used              no-unused-vars
  145:10  warning  'find_deteminant' is defined but never used                 no-unused-vars
  174:10  warning  'get_Submatrix' is defined but never used                   no-unused-vars

/home/runner/work/exp-multiplexer-using-basic-logic-gates-iitb/exp-multiplexer-using-basic-logic-gates-iitb/experiment/simulation/common_libraries/js/ts_math_library/regression.js
   1:10  warning  'regression_linear' is defined but never used            no-unused-vars
  18:10  warning  'regression_linear_1variable' is defined but never used  no-unused-vars
  27:10  warning  'regression_linear_2variable' is defined but never used  no-unused-vars
  52:11  warning  'gauss' is not defined                                   no-undef

/home/runner/work/exp-multiplexer-using-basic-logic-gates-iitb/exp-multiplexer-using-basic-logic-gates-iitb/experiment/simulation/common_libraries/math.ob.js
  1:745  warning  'b' is already defined  no-redeclare

/home/runner/work/exp-multiplexer-using-basic-logic-gates-iitb/exp-multiplexer-using-basic-logic-gates-iitb/experiment/simulation/js/simulation/JS 2/front_page.js
    1:10  warning  'DrawORGate' is defined but never used    no-unused-vars
    2:5   warning  'CONTEXT1' is not defined                 no-undef
    2:30  warning  'CANVAS1' is not defined                  no-undef
    2:45  warning  'CANVAS1' is not defined                  no-undef
    3:5   warning  'selectedAnswer' is not defined           no-undef
    4:13  warning  'startX' is not defined                   no-undef
    5:13  warning  'startY' is not defined                   no-undef
   61:10  warning  'DrawANDGate' is defined but never used   no-unused-vars
   62:5   warning  'CONTEXT1' is not defined                 no-undef
   62:30  warning  'CANVAS1' is not defined                  no-undef
   62:45  warning  'CANVAS1' is not defined                  no-undef
   63:5   warning  'selectedAnswer' is not defined           no-undef
   64:13  warning  'startX' is not defined                   no-undef
   65:13  warning  'startY' is not defined                   no-undef
  121:10  warning  'DrawNOTGate' is defined but never used   no-unused-vars
  122:5   warning  'CONTEXT1' is not defined                 no-undef
  122:30  warning  'CANVAS1' is not defined                  no-undef
  122:45  warning  'CANVAS1' is not defined                  no-undef
  123:5   warning  'selectedAnswer' is not defined           no-undef
  124:13  warning  'startX' is not defined                   no-undef
  125:13  warning  'startY' is not defined                   no-undef
  166:10  warning  'DrawNORGate' is defined but never used   no-unused-vars
  167:5   warning  'CONTEXT1' is not defined                 no-undef
  167:30  warning  'CANVAS1' is not defined                  no-undef
  167:45  warning  'CANVAS1' is not defined                  no-undef
  168:5   warning  'selectedAnswer' is not defined           no-undef
  169:13  warning  'startX' is not defined                   no-undef
  170:13  warning  'startY' is not defined                   no-undef
  229:10  warning  'DrawNANDGate' is defined but never used  no-unused-vars
  230:5   warning  'CONTEXT1' is not defined                 no-undef
  230:30  warning  'CANVAS1' is not defined                  no-undef
  230:45  warning  'CANVAS1' is not defined                  no-undef
  231:5   warning  'selectedAnswer' is not defined           no-undef
  232:13  warning  'startX' is not defined                   no-undef
  233:13  warning  'startY' is not defined                   no-undef
  292:10  warning  'DrawXORGate' is defined but never used   no-unused-vars
  293:5   warning  'CONTEXT1' is not defined                 no-undef
  293:30  warning  'CANVAS1' is not defined                  no-undef
  293:45  warning  'CANVAS1' is not defined                  no-undef
  294:5   warning  'selectedAnswer' is not defined           no-undef
  295:13  warning  'startX' is not defined                   no-undef
  296:13  warning  'startY' is not defined                   no-undef

/home/runner/work/exp-multiplexer-using-basic-logic-gates-iitb/exp-multiplexer-using-basic-logic-gates-iitb/experiment/simulation/js/simulation/JS 2/gates.js
   165:29  warning  Empty block statement                                            no-empty
   335:14  warning  Expected a conditional expression and instead saw an assignment  no-cond-assign
   335:14  warning  Unexpected constant condition                                    no-constant-condition
   554:29  warning  Empty block statement                                            no-empty
   577:29  warning  Empty block statement                                            no-empty
   697:5   warning  Unnecessary semicolon                                            no-extra-semi
   703:29  warning  Empty block statement                                            no-empty
   725:29  warning  Empty block statement                                            no-empty
   857:29  warning  Empty block statement                                            no-empty
   879:29  warning  Empty block statement                                            no-empty
  1004:29  warning  Empty block statement                                            no-empty
  1026:29  warning  Empty block statement                                            no-empty
  1157:29  warning  Empty block statement                                            no-empty
  1179:29  warning  Empty block statement                                            no-empty
  1309:29  warning  Empty block statement                                            no-empty
  1331:29  warning  Empty block statement                                            no-empty
  1463:29  warning  Empty block statement                                            no-empty
  1485:29  warning  Empty block statement                                            no-empty
  1615:29  warning  Empty block statement                                            no-empty
  1637:29  warning  Empty block statement                                            no-empty
  1776:14  warning  Expected a conditional expression and instead saw an assignment  no-cond-assign
  1776:14  warning  Unexpected constant condition                                    no-constant-condition
  1830:29  warning  Empty block statement                                            no-empty
  1852:29  warning  Empty block statement                                            no-empty
  1878:30  warning  Empty block statement                                            no-empty
  1900:30  warning  Empty block statement                                            no-empty

/home/runner/work/exp-multiplexer-using-basic-logic-gates-iitb/exp-multiplexer-using-basic-logic-gates-iitb/experiment/simulation/js/simulation/JS 2/genE1.1.js
    1:10  warning  'writeMessage' is defined but never used      no-unused-vars
   35:9   warning  'message' is assigned a value but never used  no-unused-vars
   38:10  warning  'mouseevt' is defined but never used          no-unused-vars
   43:26  warning  'orgate' is not defined                       no-undef
   55:26  warning  'andgate' is not defined                      no-undef
   67:17  warning  'a1' is already defined                       no-redeclare
   67:26  warning  'notgate' is not defined                      no-undef
   79:17  warning  'a1' is already defined                       no-redeclare
   79:26  warning  'norgate' is not defined                      no-undef
   86:17  warning  'a1' is already defined                       no-redeclare
   86:26  warning  'xorgate' is not defined                      no-undef
   93:17  warning  'a1' is already defined                       no-redeclare
   93:26  warning  'nandgate' is not defined                     no-undef
  100:17  warning  'a1' is already defined                       no-redeclare
  100:26  warning  'divgate' is not defined                      no-undef
  112:17  warning  'a1' is already defined                       no-redeclare
  112:26  warning  'bulb' is not defined                         no-undef
  124:17  warning  'a1' is already defined                       no-redeclare
  124:26  warning  'dbulb' is not defined                        no-undef
  131:17  warning  'a1' is already defined                       no-redeclare
  131:26  warning  'bulbred' is not defined                      no-undef
  138:17  warning  'a1' is already defined                       no-redeclare
  138:26  warning  'bulbrg' is not defined                       no-undef
  145:17  warning  'a1' is already defined                       no-redeclare
  145:26  warning  'outgate' is not defined                      no-undef
  158:17  warning  'a1' is already defined                       no-redeclare
  158:26  warning  'and3gate' is not defined                     no-undef
  170:18  warning  'i' is not defined                            no-undef
  170:25  warning  'i' is not defined                            no-undef
  170:51  warning  'i' is not defined                            no-undef
  171:44  warning  'i' is not defined                            no-undef
  171:94  warning  'i' is not defined                            no-undef
  173:50  warning  'i' is not defined                            no-undef
  180:18  warning  'i' is not defined                            no-undef
  180:25  warning  'i' is not defined                            no-undef
  180:51  warning  'i' is not defined                            no-undef
  181:44  warning  'i' is not defined                            no-undef
  181:94  warning  'i' is not defined                            no-undef
  183:50  warning  'i' is not defined                            no-undef
  195:18  warning  'i' is not defined                            no-undef
  195:25  warning  'i' is not defined                            no-undef
  195:51  warning  'i' is not defined                            no-undef
  196:44  warning  'i' is not defined                            no-undef
  196:94  warning  'i' is not defined                            no-undef
  198:50  warning  'i' is not defined                            no-undef
  205:18  warning  'i' is not defined                            no-undef
  205:25  warning  'i' is not defined                            no-undef
  205:51  warning  'i' is not defined                            no-undef
  206:44  warning  'i' is not defined                            no-undef
  206:94  warning  'i' is not defined                            no-undef
  208:50  warning  'i' is not defined                            no-undef
  220:18  warning  'i' is not defined                            no-undef
  220:25  warning  'i' is not defined                            no-undef
  220:51  warning  'i' is not defined                            no-undef
  221:44  warning  'i' is not defined                            no-undef
  221:94  warning  'i' is not defined                            no-undef
  223:50  warning  'i' is not defined                            no-undef
  230:18  warning  'i' is not defined                            no-undef
  230:25  warning  'i' is not defined                            no-undef
  230:51  warning  'i' is not defined                            no-undef
  231:44  warning  'i' is not defined                            no-undef
  231:94  warning  'i' is not defined                            no-undef
  233:50  warning  'i' is not defined                            no-undef
  245:18  warning  'i' is not defined                            no-undef
  245:25  warning  'i' is not defined                            no-undef
  245:51  warning  'i' is not defined                            no-undef
  246:44  warning  'i' is not defined                            no-undef
  246:94  warning  'i' is not defined                            no-undef
  248:50  warning  'i' is not defined                            no-undef
  255:18  warning  'i' is not defined                            no-undef
  255:25  warning  'i' is not defined                            no-undef
  255:51  warning  'i' is not defined                            no-undef
  256:44  warning  'i' is not defined                            no-undef
  256:94  warning  'i' is not defined                            no-undef
  258:50  warning  'i' is not defined                            no-undef
  270:18  warning  'i' is not defined                            no-undef
  270:25  warning  'i' is not defined                            no-undef
  270:51  warning  'i' is not defined                            no-undef
  271:44  warning  'i' is not defined                            no-undef
  271:94  warning  'i' is not defined                            no-undef
  273:50  warning  'i' is not defined                            no-undef
  280:18  warning  'i' is not defined                            no-undef
  280:25  warning  'i' is not defined                            no-undef
  280:51  warning  'i' is not defined                            no-undef
  281:44  warning  'i' is not defined                            no-undef
  281:94  warning  'i' is not defined                            no-undef
  283:50  warning  'i' is not defined                            no-undef
  295:18  warning  'i' is not defined                            no-undef
  295:25  warning  'i' is not defined                            no-undef
  295:51  warning  'i' is not defined                            no-undef
  296:44  warning  'i' is not defined                            no-undef
  296:94  warning  'i' is not defined                            no-undef
  298:50  warning  'i' is not defined                            no-undef
  305:18  warning  'i' is not defined                            no-undef
  305:25  warning  'i' is not defined                            no-undef
  305:51  warning  'i' is not defined                            no-undef
  306:44  warning  'i' is not defined                            no-undef
  306:94  warning  'i' is not defined                            no-undef
  308:50  warning  'i' is not defined                            no-undef
  321:14  warning  'i' is not defined                            no-undef
  321:21  warning  'i' is not defined                            no-undef
  321:50  warning  'i' is not defined                            no-undef
  322:43  warning  'i' is not defined                            no-undef
  322:96  warning  'i' is not defined                            no-undef
  323:49  warning  'i' is not defined                            no-undef
  336:10  warning  'addorgate' is defined but never used         no-unused-vars
  342:10  warning  'addandgate' is defined but never used        no-unused-vars
  348:10  warning  'addand3gate' is defined but never used       no-unused-vars
  354:10  warning  'addnotgate' is defined but never used        no-unused-vars
  360:10  warning  'addnorgate' is defined but never used        no-unused-vars
  366:10  warning  'addxorgate' is defined but never used        no-unused-vars
  372:10  warning  'addnandgate' is defined but never used       no-unused-vars
  378:10  warning  'adddivgate' is defined but never used        no-unused-vars
  384:10  warning  'addbulbgate' is defined but never used       no-unused-vars
  390:10  warning  'adddbulbgate' is defined but never used      no-unused-vars
  393:10  warning  'addbulredbgate' is defined but never used    no-unused-vars
  399:10  warning  'addbulbrggate' is defined but never used     no-unused-vars
  402:10  warning  'connector1' is defined but never used        no-unused-vars
  411:10  warning  'connector2' is defined but never used        no-unused-vars
  420:10  warning  'connector3' is defined but never used        no-unused-vars
  429:10  warning  'connector4' is defined but never used        no-unused-vars
  438:10  warning  'connector5' is defined but never used        no-unused-vars
  447:10  warning  'connector6' is defined but never used        no-unused-vars
  456:10  warning  'addoutgate' is defined but never used        no-unused-vars
  456:21  warning  'num' is defined but never used               no-unused-vars
  464:10  warning  'i' is not defined                            no-undef
  464:17  warning  'i' is not defined                            no-undef
  464:43  warning  'i' is not defined                            no-undef
  465:32  warning  'i' is not defined                            no-undef
  468:10  warning  'i' is not defined                            no-undef
  468:17  warning  'i' is not defined                            no-undef
  468:38  warning  'i' is not defined                            no-undef
  469:13  warning  'a1' is already defined                       no-redeclare
  469:27  warning  'i' is not defined                            no-undef
  470:27  warning  'i' is not defined                            no-undef
  471:31  warning  'i' is not defined                            no-undef
  472:30  warning  'i' is not defined                            no-undef
  481:10  warning  'startsim1' is defined but never used         no-unused-vars
  484:10  warning  'i' is not defined                            no-undef
  484:17  warning  'i' is not defined                            no-undef
  484:46  warning  'i' is not defined                            no-undef
  485:41  warning  'i' is not defined                            no-undef
  489:10  warning  'stopsim1' is defined but never used          no-unused-vars
  493:10  warning  'reset' is defined but never used             no-unused-vars
  526:10  warning  'undoGate' is defined but never used          no-unused-vars
  574:10  warning  'undoConnection' is defined but never used    no-unused-vars
  584:10  warning  'redoGate' is defined but never used          no-unused-vars
  642:10  warning  'redoConnection' is defined but never used    no-unused-vars

/home/runner/work/exp-multiplexer-using-basic-logic-gates-iitb/exp-multiplexer-using-basic-logic-gates-iitb/experiment/simulation/js/simulation/JS 2/mouseevent.ob.js
  2:10   warning  'writeMessage' is defined but never used       no-unused-vars
  4:1    warning  'canvas' is not defined                        no-undef
  4:83   warning  'canvas' is not defined                        no-undef
  4:106  warning  '_0x106F4' is assigned a value but never used  no-unused-vars
  5:1    warning  'canvas' is not defined                        no-undef
  6:60   warning  'canvas' is not defined                        no-undef
  6:79   warning  'mouseevt' is not defined                      no-undef

/home/runner/work/exp-multiplexer-using-basic-logic-gates-iitb/exp-multiplexer-using-basic-logic-gates-iitb/experiment/simulation/js/simulation/JS 2/outputgate.js
  125:29  warning  Empty block statement  no-empty
  148:29  warning  Empty block statement  no-empty

✖ 512 problems (0 errors, 512 warnings)
  0 errors and 2 warnings potentially fixable with the `--fix` option.

